// Jest Snapshot v1, https://goo.gl/fbAQLP

exports[`matches snapshot 1`] = `
<DocumentFragment>
  <div>
    <form>
      <label
        for="task-585b5e42-9703-4ef2-adef-2ae70d8a71dd"
      >
        Enter Task
      </label>
      <input
        id="task-585b5e42-9703-4ef2-adef-2ae70d8a71dd"
        name="task"
        placeholder="Enter Task"
        type="text"
        value=""
      />
      <button>
        Add Task!
      </button>
    </form>
  </div>
</DocumentFragment>
`;
